Tetrad:
Grid: A grid of 10 rows 10 columns. Content:
.....g....
.....g....
....gg....
..........
..........
..........
..........
..........
..........
..........